../board/peripherals.c:127:13:BOARD_SW1_SW3_init	8	static
../board/peripherals.c:183:13:BOARD_LED_RED_init	8	static
../board/peripherals.c:212:13:BOARD_LED_GREEN_init	8	static
../board/peripherals.c:276:13:BOARD_ACCEL_I2C_init	8	static
../board/peripherals.c:306:13:BOARD_INT1_init	8	static
../board/peripherals.c:335:13:BOARD_INT2_init	8	static
../board/peripherals.c:399:13:MAG_I2C_init	8	static
../board/peripherals.c:429:13:INT2_init	8	static
../board/peripherals.c:487:13:BOARD_LPSCI_1_init	8	static
../board/peripherals.c:518:6:BOARD_InitPeripherals	8	static
../board/peripherals.c:523:6:BOARD_InitButtonsPeripheral	8	static
../board/peripherals.c:529:6:BOARD_InitLEDsPeripheral	8	static
../board/peripherals.c:536:6:BOARD_InitACCELPeripheral	8	static
../board/peripherals.c:544:6:BOARD_InitMAGPeripheral	8	static
../board/peripherals.c:551:6:BOARD_InitDEBUG_UARTPeripheral	8	static
../board/peripherals.c:560:6:BOARD_InitBootPeripherals	8	static
