C:\Users\babbi\Documents\MCUXpressoIDE_11.6.1_8255\workspace\Sensors\CMSIS/core_cm0plus.h:733:22:__NVIC_EnableIRQ	16	static
../source/Sensors.c:21:6:motors_setup	8	static
../source/Sensors.c:54:6:SW1_setup_interrupt	8	static
../source/Sensors.c:63:6:PORTC_PORTD_IRQHandler	16	static
../source/Sensors.c:110:6:ultrasensor_setup	8	static
../source/Sensors.c:130:6:servo_setup	8	static
../source/Sensors.c:149:5:getDistance	32	static
../source/Sensors.c:190:6:setServo	24	static
../source/Sensors.c:209:6:delay_ms	16	static
../source/Sensors.c:223:6:delay_seconds	24	static
../source/Sensors.c:235:6:motor_break	16	static
../source/Sensors.c:253:6:motor_control	16	static
../source/Sensors.c:282:5:main	8	static
